// Jest Snapshot v1, https://goo.gl/fbAQLP

exports[`rollie Add, update and remove user 1`] = `
Array [
  "id",
  "email",
  "name",
  "uri",
  "role",
]
`;

exports[`rollie Add, update and remove user 2`] = `
Array [
  "id",
  "email",
  "name",
  "uri",
  "role",
]
`;

exports[`rollie Add, update and remove user 3`] = `
Array [
  "id",
  "email",
  "name",
  "uri",
  "role",
]
`;
